------------------------------------------------------------
Timing Analyzer Summary
------------------------------------------------------------

Type  : Slow 1200mV 85C Model Setup 'divisor_clock2:div|clk_out'
Slack : -2.048
TNS   : -34.114

Type  : Slow 1200mV 85C Model Setup 'clk_50'
Slack : -0.748
TNS   : -0.748

Type  : Slow 1200mV 85C Model Hold 'divisor_clock2:div|clk_out'
Slack : 0.324
TNS   : 0.000

Type  : Slow 1200mV 85C Model Hold 'clk_50'
Slack : 0.663
TNS   : 0.000

Type  : Slow 1200mV 85C Model Minimum Pulse Width 'clk_50'
Slack : -3.000
TNS   : -4.403

Type  : Slow 1200mV 85C Model Minimum Pulse Width 'divisor_clock2:div|clk_out'
Slack : -1.403
TNS   : -28.060

Type  : Slow 1200mV 0C Model Setup 'divisor_clock2:div|clk_out'
Slack : -1.810
TNS   : -29.721

Type  : Slow 1200mV 0C Model Setup 'clk_50'
Slack : -0.555
TNS   : -0.555

Type  : Slow 1200mV 0C Model Hold 'divisor_clock2:div|clk_out'
Slack : 0.291
TNS   : 0.000

Type  : Slow 1200mV 0C Model Hold 'clk_50'
Slack : 0.510
TNS   : 0.000

Type  : Slow 1200mV 0C Model Minimum Pulse Width 'clk_50'
Slack : -3.000
TNS   : -4.403

Type  : Slow 1200mV 0C Model Minimum Pulse Width 'divisor_clock2:div|clk_out'
Slack : -1.403
TNS   : -28.060

Type  : Fast 1200mV 0C Model Setup 'divisor_clock2:div|clk_out'
Slack : -0.275
TNS   : -3.686

Type  : Fast 1200mV 0C Model Setup 'clk_50'
Slack : -0.202
TNS   : -0.202

Type  : Fast 1200mV 0C Model Hold 'divisor_clock2:div|clk_out'
Slack : 0.140
TNS   : 0.000

Type  : Fast 1200mV 0C Model Hold 'clk_50'
Slack : 0.408
TNS   : 0.000

Type  : Fast 1200mV 0C Model Minimum Pulse Width 'clk_50'
Slack : -3.000
TNS   : -4.069

Type  : Fast 1200mV 0C Model Minimum Pulse Width 'divisor_clock2:div|clk_out'
Slack : -1.000
TNS   : -20.000

------------------------------------------------------------
